// Jest Snapshot v1, https://goo.gl/fbAQLP

exports[`<Review /> component should return reviews 1`] = `
<div
  data-test="review"
>
  <p>
    Loading...
  </p>
  <div />
  <div>
    <div
      className="MuiGrid-container-1 MuiGrid-align-items-xs-center-9 MuiGrid-justify-xs-center-18"
    />
  </div>
</div>
`;
