// Jest Snapshot v1, https://goo.gl/fbAQLP

exports[`<ReviewForm /> component should return form body, star element and save button 1`] = `
<form
  className=""
>
  <div
    className="MuiFormControl-root-1"
    data-test="formTextArea"
  >
    <label
      className="MuiFormLabel-root-16 MuiFormLabel-required-21 MuiInputLabel-required-9 MuiInputLabel-root-5 MuiInputLabel-formControl-10 MuiInputLabel-animated-13"
      data-shrink={false}
      htmlFor="formControlsTextarea"
    >
      Review:
      <span
        className="MuiFormLabel-asterisk-22"
      >
         *
      </span>
    </label>
    <div
      className="MuiInputBase-root-36 MuiInput-root-23 MuiInput-underline-27 MuiInputBase-formControl-37 MuiInput-formControl-24 MuiInputBase-multiline-44 MuiInput-multiline-29"
      onClick={[Function]}
    >
      <div
        className="MuiPrivateTextarea-root-53"
      >
        <textarea
          aria-hidden="true"
          className="MuiPrivateTextarea-textarea-54 MuiPrivateTextarea-shadow-55"
          readOnly={true}
          rows="1"
          tabIndex={-1}
          value=""
        />
        <textarea
          aria-hidden="true"
          className="MuiPrivateTextarea-textarea-54 MuiPrivateTextarea-shadow-55"
          readOnly={true}
          rows={1}
          tabIndex={-1}
        />
        <textarea
          aria-invalid={false}
          className="MuiPrivateTextarea-textarea-54 MuiInputBase-input-46 MuiInput-input-31 MuiInputBase-inputMultiline-48 MuiInput-inputMultiline-33"
          disabled={false}
          id="formControlsTextarea"
          onBlur={[Function]}
          onChange={[Function]}
          onFocus={[Function]}
          placeholder="Enter your review here"
          required={true}
          rows={1}
          style={
            Object {
              "height": 19,
            }
          }
        />
      </div>
    </div>
  </div>
  <div
    className="dv-star-rating"
    style={
      Object {
        "display": "inline-block",
        "position": "relative",
      }
    }
  >
    <input
      checked={false}
      className="dv-star-rating-input"
      id="star-rating_5"
      name="star-rating"
      onChange={[Function]}
      style={
        Object {
          "display": "none",
          "marginLeft": -9999,
          "position": "absolute",
        }
      }
      type="radio"
      value={5}
    />
    <label
      className="dv-star-rating-star dv-star-rating-empty-star"
      htmlFor="star-rating_5"
      onClick={[Function]}
      onMouseLeave={[Function]}
      onMouseOver={[Function]}
      style={
        Object {
          "color": "#333",
          "cursor": "pointer",
          "float": "right",
        }
      }
    >
      <i
        style={
          Object {
            "fontStyle": "normal",
          }
        }
      >
        ★
      </i>
    </label>
    <input
      checked={false}
      className="dv-star-rating-input"
      id="star-rating_4"
      name="star-rating"
      onChange={[Function]}
      style={
        Object {
          "display": "none",
          "marginLeft": -9999,
          "position": "absolute",
        }
      }
      type="radio"
      value={4}
    />
    <label
      className="dv-star-rating-star dv-star-rating-empty-star"
      htmlFor="star-rating_4"
      onClick={[Function]}
      onMouseLeave={[Function]}
      onMouseOver={[Function]}
      style={
        Object {
          "color": "#333",
          "cursor": "pointer",
          "float": "right",
        }
      }
    >
      <i
        style={
          Object {
            "fontStyle": "normal",
          }
        }
      >
        ★
      </i>
    </label>
    <input
      checked={false}
      className="dv-star-rating-input"
      id="star-rating_3"
      name="star-rating"
      onChange={[Function]}
      style={
        Object {
          "display": "none",
          "marginLeft": -9999,
          "position": "absolute",
        }
      }
      type="radio"
      value={3}
    />
    <label
      className="dv-star-rating-star dv-star-rating-empty-star"
      htmlFor="star-rating_3"
      onClick={[Function]}
      onMouseLeave={[Function]}
      onMouseOver={[Function]}
      style={
        Object {
          "color": "#333",
          "cursor": "pointer",
          "float": "right",
        }
      }
    >
      <i
        style={
          Object {
            "fontStyle": "normal",
          }
        }
      >
        ★
      </i>
    </label>
    <input
      checked={false}
      className="dv-star-rating-input"
      id="star-rating_2"
      name="star-rating"
      onChange={[Function]}
      style={
        Object {
          "display": "none",
          "marginLeft": -9999,
          "position": "absolute",
        }
      }
      type="radio"
      value={2}
    />
    <label
      className="dv-star-rating-star dv-star-rating-empty-star"
      htmlFor="star-rating_2"
      onClick={[Function]}
      onMouseLeave={[Function]}
      onMouseOver={[Function]}
      style={
        Object {
          "color": "#333",
          "cursor": "pointer",
          "float": "right",
        }
      }
    >
      <i
        style={
          Object {
            "fontStyle": "normal",
          }
        }
      >
        ★
      </i>
    </label>
    <input
      checked={false}
      className="dv-star-rating-input"
      id="star-rating_1"
      name="star-rating"
      onChange={[Function]}
      style={
        Object {
          "display": "none",
          "marginLeft": -9999,
          "position": "absolute",
        }
      }
      type="radio"
      value={1}
    />
    <label
      className="dv-star-rating-star dv-star-rating-empty-star"
      htmlFor="star-rating_1"
      onClick={[Function]}
      onMouseLeave={[Function]}
      onMouseOver={[Function]}
      style={
        Object {
          "color": "#333",
          "cursor": "pointer",
          "float": "right",
        }
      }
    >
      <i
        style={
          Object {
            "fontStyle": "normal",
          }
        }
      >
        ★
      </i>
    </label>
  </div>
  <button
    className="btn btn-sm btn-primary"
    disabled={false}
    id="button"
    type="submit"
  />
</form>
`;
